============================= test session starts =============================
platform win32 -- Python 3.12.2, pytest-9.0.2, pluggy-1.6.0 -- C:\Users\ADMIN\AppData\Local\Programs\Python\Python312\python.exe
cachedir: .pytest_cache
rootdir: D:\lathika\infynd\Employee Data Scraping & Extraction System
plugins: anyio-4.12.1, asyncio-1.3.0
asyncio: mode=Mode.STRICT, debug=False, asyncio_default_fixture_loop_scope=None, asyncio_default_test_loop_scope=function
collecting ... collected 0 items / 1 error

=================================== ERRORS ====================================
_____________________ ERROR collecting tests/test_api.py ______________________
tests\test_api.py:5: in <module>
    from main import app
main.py:10: in <module>
    from api.routes import router as api_router
api\routes.py:6: in <module>
    from services.extraction_service import ExtractionService
services\extraction_service.py:8: in <module>
    from core.config import settings
core\config.py:12: in <module>
    settings = Settings()
               ^^^^^^^^^^
C:\Users\ADMIN\AppData\Local\Programs\Python\Python312\Lib\site-packages\pydantic_settings\main.py:71: in __init__
    super().__init__(
E   pydantic_core._pydantic_core.ValidationError: 1 validation error for Settings
E   openrouter_api_key
E     Field required [type=missing, input_value={}, input_type=dict]
E       For further information visit https://errors.pydantic.dev/2.5/v/missing
============================== warnings summary ===============================
C:\Users\ADMIN\AppData\Local\Programs\Python\Python312\Lib\site-packages\pydantic\_internal\_config.py:271
  C:\Users\ADMIN\AppData\Local\Programs\Python\Python312\Lib\site-packages\pydantic\_internal\_config.py:271: PydanticDeprecatedSince20: Support for class-based `config` is deprecated, use ConfigDict instead. Deprecated in Pydantic V2.0 to be removed in V3.0. See Pydantic V2 Migration Guide at https://errors.pydantic.dev/2.5/migration/
    warnings.warn(DEPRECATION_MESSAGE, DeprecationWarning)

-- Docs: https://docs.pytest.org/en/stable/how-to/capture-warnings.html
=========================== short test summary info ===========================
ERROR tests/test_api.py - pydantic_core._pydantic_core.ValidationError: 1 val...
!!!!!!!!!!!!!!!!!!! Interrupted: 1 error during collection !!!!!!!!!!!!!!!!!!!!
========================= 1 warning, 1 error in 1.66s =========================
